<template name="golden">

    <p>Golden layout tabs</p>
    <div id="layoutContainer"></div>

</template>
