<template name="goldenList">


  {{#each animals}}
    {{> animal}}
  {{else}}
    <h4>
      You haven't added any favorite animals, click the Add button!
    </h4>
  {{/each}}


</template>
